cargo :    Compiling citadel-envelope v0.1.0 (C:\users\andre\downloads\R_citadel)
At line:1 char:1
+ cargo test 2>&1 | Out-File -FilePath test_output.txt
+ ~~~~~~~~~~~~~~~
    + CategoryInfo          : NotSpecified: (   Compiling ci...oads\R_citadel):String) [], RemoteException
    + FullyQualifiedErrorId : NativeCommandError
 
error: cannot find macro `format` in this scope
   --> src\sdk.rs:156:20
    |
156 |             inner: format!("secrets|{}|{}", namespace, key_id).into_bytes(),
    |                    ^^^^^^
    |
help: consider importing this macro
    |
 19 + use alloc::format;
    |

error: cannot find macro `format` in this scope
   --> src\sdk.rs:147:20
    |
147 |             inner: format!("service|{}|{}|{}", from, to, protocol_version).into_bytes(),
    |                    ^^^^^^
    |
help: consider importing this macro
    |
 19 + use alloc::format;
    |

error: cannot find macro `format` in this scope
   --> src\sdk.rs:138:20
    |
138 |             inner: format!("backup|{}|epoch{}", system, epoch).into_bytes(),
    |                    ^^^^^^
    |
help: consider importing this macro
    |
 19 + use alloc::format;
    |

error: cannot find macro `format` in this scope
   --> src\sdk.rs:129:20
    |
129 |             inner: format!("app|{}|{}", app_name, environment).into_bytes(),
    |                    ^^^^^^
    |
help: consider importing this macro
    |
 19 + use alloc::format;
    |

error: cannot find macro `format` in this scope
  --> src\sdk.rs:88:20
   |
88 |             inner: format!("msg|{}|{}|{}", sender, recipient, msg_id).into_bytes(),
   |                    ^^^^^^
   |
help: consider importing this macro
   |
19 + use alloc::format;
   |

error: cannot find macro `format` in this scope
  --> src\sdk.rs:79:20
   |
79 |             inner: format!("backup|{}|{}", system, timestamp_unix).into_bytes(),
   |                    ^^^^^^
   |
help: consider importing this macro
   |
19 + use alloc::format;
   |

error: cannot find macro `format` in this scope
  --> src\sdk.rs:70:20
   |
70 |             inner: format!("db|{}|{}|{}", table, row_id, column).into_bytes(),
   |                    ^^^^^^
   |
help: consider importing this macro
   |
19 + use alloc::format;
   |

error: cannot find macro `format` in this scope
  --> src\sdk.rs:61:20
   |
61 |             inner: format!("storage|{}|{}|v{}", bucket, object_id, version).into_bytes(),
   |                    ^^^^^^
   |
help: consider importing this macro
   |
19 + use alloc::format;
   |

warning: unused import: `alloc::string::String`
  --> src\sdk.rs:19:5
   |
19 | use alloc::string::String;
   |     ^^^^^^^^^^^^^^^^^^^^^
   |
   = note: `#[warn(unused_imports)]` (part of `#[warn(unused)]`) on by default

warning: use of deprecated type alias `CitadelMlKem768`: use Citadel instead
   --> src\lib.rs:103:26
    |
103 | pub type CitadelHybrid = CitadelMlKem768;
    |                          ^^^^^^^^^^^^^^^
    |
    = note: `#[warn(deprecated)]` on by default

warning: use of deprecated type alias `CitadelMlKem768`: use Citadel instead
 --> src\envelope.rs:7:10
  |
7 |     aad, CitadelMlKem768, DecryptionError, EncodingError, MsgId16, PublicKey, SecretKey,
  |          ^^^^^^^^^^^^^^^

warning: use of deprecated type alias `CitadelMlKem768`: use Citadel instead
  --> src\envelope.rs:12:12
   |
12 |     inner: CitadelMlKem768,
   |            ^^^^^^^^^^^^^^^

warning: use of deprecated type alias `CitadelMlKem768`: use Citadel instead
  --> src\envelope.rs:25:20
   |
25 |             inner: CitadelMlKem768::new(),
   |                    ^^^^^^^^^^^^^^^

warning: use of deprecated type alias `CitadelMlKem768`: use Citadel instead
   --> src\envelope.rs:119:29
    |
119 |     pub fn inner(&self) -> &CitadelMlKem768 {
    |                             ^^^^^^^^^^^^^^^

warning: use of deprecated type alias `CitadelMlKem768`: use Citadel instead
   --> src\sdk.rs:192:19
    |
192 |     inner: crate::CitadelMlKem768,
    |                   ^^^^^^^^^^^^^^^

warning: use of deprecated type alias `CitadelMlKem768`: use Citadel instead
   --> src\sdk.rs:205:27
    |
205 |             inner: crate::CitadelMlKem768::new(),
    |                           ^^^^^^^^^^^^^^^

warning: `citadel-envelope` (lib) generated 8 warnings
error: could not compile `citadel-envelope` (lib) due to 8 previous errors; 8 warnings emitted
warning: build failed, waiting for other jobs to finish...
warning: `citadel-envelope` (lib test) generated 8 warnings (8 duplicates)
error: could not compile `citadel-envelope` (lib test) due to 8 previous errors; 8 warnings emitted
